// Jest Snapshot v1, https://goo.gl/fbAQLP

exports[`TodoList should renders correctly 1`] = `null`;
